// Jest Snapshot v1, https://goo.gl/fbAQLP

exports[`Effects Unit Tests stackResume Should preserve execution order of parent/child frames 1`] = `
Object {
  "0": "parent1",
  "1": "child1",
  "2": "child2",
  "3": "parent2",
}
`;
